salloc: Pending job allocation 58596902
salloc: job 58596902 queued and waiting for resources
salloc: job 58596902 has been allocated resources
salloc: Granted job allocation 58596902
salloc: Nodes nid008564 are ready for job
Traceback (most recent call last):
  File "<frozen runpy>", line 198, in _run_module_as_main
  File "<frozen runpy>", line 88, in _run_code
  File "/pscratch/sd/d/dkololgi/abacus/e2e_field_v3/conditional_reference_continuation_20260919_v1/source/workflows/sbi/e2e_conditional_reference_continue.py", line 285, in <module>
Traceback (most recent call last):
  File "<frozen runpy>", line 198, in _run_module_as_main
  File "<frozen runpy>", line 88, in _run_code
  File "/pscratch/sd/d/dkololgi/abacus/e2e_field_v3/conditional_reference_continuation_20260919_v1/source/workflows/sbi/e2e_conditional_reference_continue.py", line 285, in <module>
Traceback (most recent call last):
  File "<frozen runpy>", line 198, in _run_module_as_main
  File "<frozen runpy>", line 88, in _run_code
  File "/pscratch/sd/d/dkololgi/abacus/e2e_field_v3/conditional_reference_continuation_20260919_v1/source/workflows/sbi/e2e_conditional_reference_continue.py", line 285, in <module>
Traceback (most recent call last):
  File "<frozen runpy>", line 198, in _run_module_as_main
  File "<frozen runpy>", line 88, in _run_code
  File "/pscratch/sd/d/dkololgi/abacus/e2e_field_v3/conditional_reference_continuation_20260919_v1/source/workflows/sbi/e2e_conditional_reference_continue.py", line 285, in <module>
    {"prepare":prepare,"worker":worker,"collect":collect}[args.command](args)
    {"prepare":prepare,"worker":worker,"collect":collect}[args.command](args)
    {"prepare":prepare,"worker":worker,"collect":collect}[args.command](args)
    {"prepare":prepare,"worker":worker,"collect":collect}[args.command](args)
  File "/pscratch/sd/d/dkololgi/abacus/e2e_field_v3/conditional_reference_continuation_20260919_v1/source/workflows/sbi/e2e_conditional_reference_continue.py", line 194, in worker
  File "/pscratch/sd/d/dkololgi/abacus/e2e_field_v3/conditional_reference_continuation_20260919_v1/source/workflows/sbi/e2e_conditional_reference_continue.py", line 194, in worker
  File "/pscratch/sd/d/dkololgi/abacus/e2e_field_v3/conditional_reference_continuation_20260919_v1/source/workflows/sbi/e2e_conditional_reference_continue.py", line 194, in worker
  File "/pscratch/sd/d/dkololgi/abacus/e2e_field_v3/conditional_reference_continuation_20260919_v1/source/workflows/sbi/e2e_conditional_reference_continue.py", line 194, in worker
    raise AssertionError("GPU checkpoint replay mismatch")
    raise AssertionError("GPU checkpoint replay mismatch")
    raise AssertionError("GPU checkpoint replay mismatch")
    raise AssertionError("GPU checkpoint replay mismatch")
AssertionError: GPU checkpoint replay mismatch
AssertionError: GPU checkpoint replay mismatch
AssertionError: GPU checkpoint replay mismatch
AssertionError: GPU checkpoint replay mismatch
srun: error: nid008564: task 2: Exited with exit code 1
srun: Terminating StepId=58596902.0
[2026-09-19T23:10:01.239] error: *** STEP 58596902.0 ON nid008564 CANCELLED AT 2026-09-19T23:10:01 DUE TO TASK FAILURE ***
srun: error: nid008564: tasks 0-1,3: Exited with exit code 1
salloc: Relinquishing job allocation 58596902
